src/views/ProfilePage.tsx(5,51): error TS6133: 'SECTION_CHOICES' is declared but its value is never read.
src/views/TaskDetailPage.tsx(2,10): error TS6133: 'Link' is declared but its value is never read.
src/views/TaskDetailPage.tsx(6,50): error TS6133: 'TASK_TYPE_CHOICES' is declared but its value is never read.
